2026-04-29T20:37:30.622+01:00  INFO 26884 --- [jira-service] [main] c.e.jiraservice.JiraServiceApplication   : Starting JiraServiceApplication using Java 21.0.8 with PID 26884 (C:\Workspaces\SSD\architecture-store-and-diagrams\jira-service\target\classes started by gazwa in C:\Workspaces\SSD\architecture-store-and-diagrams\jira-service)
2026-04-29T20:37:30.625+01:00 DEBUG 26884 --- [jira-service] [main] c.e.jiraservice.JiraServiceApplication   : Running with Spring Boot v3.2.5, Spring v6.1.6
2026-04-29T20:37:30.626+01:00  INFO 26884 --- [jira-service] [main] c.e.jiraservice.JiraServiceApplication   : No active profile set, falling back to 1 default profile: "default"
2026-04-29T20:37:31.893+01:00  INFO 26884 --- [jira-service] [main] o.s.b.w.embedded.tomcat.TomcatWebServer  : Tomcat initialized with port 8079 (http)
2026-04-29T20:37:31.906+01:00  INFO 26884 --- [jira-service] [main] o.apache.catalina.core.StandardService   : Starting service [Tomcat]
2026-04-29T20:37:31.907+01:00  INFO 26884 --- [jira-service] [main] o.apache.catalina.core.StandardEngine    : Starting Servlet engine: [Apache Tomcat/10.1.20]
2026-04-29T20:37:31.963+01:00  INFO 26884 --- [jira-service] [main] o.a.c.c.C.[Tomcat].[localhost].[/]       : Initializing Spring embedded WebApplicationContext
2026-04-29T20:37:31.964+01:00  INFO 26884 --- [jira-service] [main] w.s.c.ServletWebServerApplicationContext : Root WebApplicationContext: initialization completed in 1272 ms
2026-04-29T20:37:32.584+01:00  INFO 26884 --- [jira-service] [main] o.s.b.a.e.web.EndpointLinksResolver      : Exposing 1 endpoint(s) beneath base path '/actuator'
2026-04-29T20:37:32.713+01:00  INFO 26884 --- [jira-service] [main] o.s.b.w.embedded.tomcat.TomcatWebServer  : Tomcat started on port 8079 (http) with context path ''
2026-04-29T20:37:32.737+01:00  INFO 26884 --- [jira-service] [main] c.e.jiraservice.JiraServiceApplication   : Started JiraServiceApplication in 2.728 seconds (process running for 3.133)
2026-04-29T20:39:08.142+01:00  INFO 26884 --- [jira-service] [http-nio-8079-exec-1] o.a.c.c.C.[Tomcat].[localhost].[/]       : Initializing Spring DispatcherServlet 'dispatcherServlet'
2026-04-29T20:39:08.143+01:00  INFO 26884 --- [jira-service] [http-nio-8079-exec-1] o.s.web.servlet.DispatcherServlet        : Initializing Servlet 'dispatcherServlet'
2026-04-29T20:39:08.146+01:00  INFO 26884 --- [jira-service] [http-nio-8079-exec-1] o.s.web.servlet.DispatcherServlet        : Completed initialization in 2 ms
2026-04-29T20:39:12.195+01:00  INFO 26884 --- [jira-service] [http-nio-8079-exec-5] c.e.j.controller.JiraIssueController     : Fetching Jira issues: projectKey=KAN, toolProjectId=test-project, jql=project = KAN ORDER BY created DESC, maxResults=20, expandChildren=false
2026-04-29T20:39:12.197+01:00 DEBUG 26884 --- [jira-service] [http-nio-8079-exec-5] c.e.j.service.JiraSearchService          : Executing Jira search with JQL: project = KAN ORDER BY created DESC
2026-04-29T20:39:12.404+01:00 DEBUG 26884 --- [jira-service] [http-nio-8079-exec-5] o.s.web.client.DefaultRestClient         : Writing [JiraSearchRequest[jql=project = KAN ORDER BY created DESC, maxResults=20, fields=[summary, issuetype, status, priority, parent, created, updated, description]]] as "application/json" with org.springframework.http.converter.json.MappingJackson2HttpMessageConverter
2026-04-29T20:39:13.139+01:00 DEBUG 26884 --- [jira-service] [http-nio-8079-exec-5] o.s.web.client.DefaultRestClient         : Reading to [com.example.jiraservice.model.dto.jira.JiraSearchResponse]
2026-04-29T20:39:13.171+01:00  INFO 26884 --- [jira-service] [http-nio-8079-exec-5] c.e.j.service.JiraSearchService          : Jira HTTP status: 200 OK
2026-04-29T20:39:13.172+01:00  INFO 26884 --- [jira-service] [http-nio-8079-exec-5] c.e.j.service.JiraSearchService          : Jira search returned 4 issues
2026-04-29T20:39:13.179+01:00 DEBUG 26884 --- [jira-service] [http-nio-8079-exec-5] c.e.j.service.JiraIssueMappingService    : Could not parse date string '2026-04-29T20:13:43.255+0100' as Instant: Text '2026-04-29T20:13:43.255+0100' could not be parsed at index 23
2026-04-29T20:39:13.180+01:00 DEBUG 26884 --- [jira-service] [http-nio-8079-exec-5] c.e.j.service.JiraIssueMappingService    : Could not parse date string '2026-04-29T20:13:43.359+0100' as Instant: Text '2026-04-29T20:13:43.359+0100' could not be parsed at index 23
2026-04-29T20:39:13.181+01:00  WARN 26884 --- [jira-service] [http-nio-8079-exec-5] c.e.j.service.TypeMappingService         : Unmapped Jira issue type 'Subtask' for project 'KAN' (issue KAN-3). Defaulting to 'STORY'.
2026-04-29T20:39:13.182+01:00 DEBUG 26884 --- [jira-service] [http-nio-8079-exec-5] c.e.j.service.JiraIssueMappingService    : Could not parse date string '2026-04-29T19:36:20.385+0100' as Instant: Text '2026-04-29T19:36:20.385+0100' could not be parsed at index 23
2026-04-29T20:39:13.182+01:00 DEBUG 26884 --- [jira-service] [http-nio-8079-exec-5] c.e.j.service.JiraIssueMappingService    : Could not parse date string '2026-04-29T19:36:21.412+0100' as Instant: Text '2026-04-29T19:36:21.412+0100' could not be parsed at index 23
2026-04-29T20:39:13.182+01:00 DEBUG 26884 --- [jira-service] [http-nio-8079-exec-5] c.e.j.service.JiraIssueMappingService    : Could not parse date string '2026-04-29T19:36:18.898+0100' as Instant: Text '2026-04-29T19:36:18.898+0100' could not be parsed at index 23
2026-04-29T20:39:13.182+01:00 DEBUG 26884 --- [jira-service] [http-nio-8079-exec-5] c.e.j.service.JiraIssueMappingService    : Could not parse date string '2026-04-29T19:36:20.011+0100' as Instant: Text '2026-04-29T19:36:20.011+0100' could not be parsed at index 23
2026-04-29T20:39:13.183+01:00 DEBUG 26884 --- [jira-service] [http-nio-8079-exec-5] c.e.j.service.JiraIssueMappingService    : Could not parse date string '2026-04-29T19:36:18.206+0100' as Instant: Text '2026-04-29T19:36:18.206+0100' could not be parsed at index 23
2026-04-29T20:39:13.183+01:00 DEBUG 26884 --- [jira-service] [http-nio-8079-exec-5] c.e.j.service.JiraIssueMappingService    : Could not parse date string '2026-04-29T19:36:19.590+0100' as Instant: Text '2026-04-29T19:36:19.590+0100' could not be parsed at index 23
2026-04-29T20:39:13.183+01:00  INFO 26884 --- [jira-service] [http-nio-8079-exec-5] c.e.j.controller.JiraIssueController     : Returning 4 WorkItemDto objects (parents: 4, total: 4)
