// Vitest Snapshot v1, https://vitest.dev/guide/snapshot.html

exports[`Dashboard UX Improvements - Task Group 4 > DashboardSkeleton snapshot > snapshot matches updated structure with Product and Technical sub-sections 1`] = `
<div
  data-testid="dashboard-skeleton"
>
  <div
    class="skeletonHeaderBar"
  />
  <div
    class="skeletonSectionHeading"
  />
  <div
    class="subSectionGroup"
  >
    <span
      class="subSectionGroupLabel"
    >
      Product
    </span>
    <div
      class="detailGrid"
    >
      <div
        class="skeletonCard"
      >
        <div
          class="skeletonBar skeletonBarTitle"
        />
        <div
          class="skeletonBar skeletonBarMetric1"
        />
        <div
          class="skeletonBar skeletonBarMetric2"
        />
        <div
          class="skeletonBar skeletonBarMetric3"
        />
      </div>
      <div
        class="skeletonCard"
      >
        <div
          class="skeletonBar skeletonBarTitle"
        />
        <div
          class="skeletonBar skeletonBarMetric1"
        />
        <div
          class="skeletonBar skeletonBarMetric2"
        />
        <div
          class="skeletonBar skeletonBarMetric3"
        />
      </div>
    </div>
  </div>
  <div
    class="subSectionGroup"
  >
    <span
      class="subSectionGroupLabel"
    >
      Technical
    </span>
    <div
      class="detailGrid"
    >
      <div
        class="skeletonCard"
      >
        <div
          class="skeletonBar skeletonBarTitle"
        />
        <div
          class="skeletonBar skeletonBarMetric1"
        />
        <div
          class="skeletonBar skeletonBarMetric2"
        />
        <div
          class="skeletonBar skeletonBarMetric3"
        />
      </div>
      <div
        class="skeletonCard"
      >
        <div
          class="skeletonBar skeletonBarTitle"
        />
        <div
          class="skeletonBar skeletonBarMetric1"
        />
        <div
          class="skeletonBar skeletonBarMetric2"
        />
        <div
          class="skeletonBar skeletonBarMetric3"
        />
      </div>
      <div
        class="skeletonCard"
      >
        <div
          class="skeletonBar skeletonBarTitle"
        />
        <div
          class="skeletonBar skeletonBarMetric1"
        />
        <div
          class="skeletonBar skeletonBarMetric2"
        />
        <div
          class="skeletonBar skeletonBarMetric3"
        />
      </div>
    </div>
  </div>
  <div
    class="skeletonScopeBar"
  />
  <div
    class="skeletonSectionHeading"
  />
  <div
    class="skeletonSectionHeading"
  />
  <div
    class="detailGrid"
  >
    <div
      class="skeletonCard"
    >
      <div
        class="skeletonBar skeletonBarTitle"
      />
      <div
        class="skeletonBar skeletonBarMetric1"
      />
      <div
        class="skeletonBar skeletonBarMetric2"
      />
      <div
        class="skeletonBar skeletonBarMetric3"
      />
    </div>
    <div
      class="skeletonCard"
    >
      <div
        class="skeletonBar skeletonBarTitle"
      />
      <div
        class="skeletonBar skeletonBarMetric1"
      />
      <div
        class="skeletonBar skeletonBarMetric2"
      />
      <div
        class="skeletonBar skeletonBarMetric3"
      />
    </div>
    <div
      class="skeletonCard"
    >
      <div
        class="skeletonBar skeletonBarTitle"
      />
      <div
        class="skeletonBar skeletonBarMetric1"
      />
      <div
        class="skeletonBar skeletonBarMetric2"
      />
      <div
        class="skeletonBar skeletonBarMetric3"
      />
    </div>
  </div>
  <div
    class="skeletonSectionHeading"
  />
  <div
    class="detailGrid"
  >
    <div
      class="skeletonCard"
    >
      <div
        class="skeletonBar skeletonBarTitle"
      />
      <div
        class="skeletonBar skeletonBarMetric1"
      />
      <div
        class="skeletonBar skeletonBarMetric2"
      />
      <div
        class="skeletonBar skeletonBarMetric3"
      />
    </div>
    <div
      class="skeletonCard"
    >
      <div
        class="skeletonBar skeletonBarTitle"
      />
      <div
        class="skeletonBar skeletonBarMetric1"
      />
      <div
        class="skeletonBar skeletonBarMetric2"
      />
      <div
        class="skeletonBar skeletonBarMetric3"
      />
    </div>
    <div
      class="skeletonCard"
    >
      <div
        class="skeletonBar skeletonBarTitle"
      />
      <div
        class="skeletonBar skeletonBarMetric1"
      />
      <div
        class="skeletonBar skeletonBarMetric2"
      />
      <div
        class="skeletonBar skeletonBarMetric3"
      />
    </div>
  </div>
</div>
`;
